// Vitest Snapshot v1, https://vitest.dev/guide/snapshot.html

exports[`Button > renders basic case correctly 1`] = `
"<button type=\\"button\\" class=\\"focus:outline-none disabled:cursor-not-allowed disabled:opacity-75 flex-shrink-0 font-medium rounded-md text-sm gap-x-1.5 px-2.5 py-1.5 shadow-sm text-white dark:text-gray-900 bg-primary-500 hover:bg-primary-600 disabled:bg-primary-500 dark:bg-primary-400 dark:hover:bg-primary-500 dark:disabled:bg-primary-400 focus-visible:outline focus-visible:outline-2 focus-visible:outline-offset-2 focus-visible:outline-primary-500 dark:focus-visible:outline-primary-400 inline-flex items-center\\">
  <!--v-if-->hello
  <!--v-if-->
</button>"
`;

exports[`Button > renders leading icon correctly 1`] = `
"<button type=\\"button\\" class=\\"focus:outline-none disabled:cursor-not-allowed disabled:opacity-75 flex-shrink-0 font-medium rounded-md text-sm gap-x-1.5 px-2.5 py-1.5 shadow-sm text-white dark:text-gray-900 bg-primary-500 hover:bg-primary-600 disabled:bg-primary-500 dark:bg-primary-400 dark:hover:bg-primary-500 dark:disabled:bg-primary-400 focus-visible:outline focus-visible:outline-2 focus-visible:outline-offset-2 focus-visible:outline-primary-500 dark:focus-visible:outline-primary-400 inline-flex items-center\\"><span class=\\"heroicons-check flex-shrink-0 h-5 w-5\\" aria-hidden=\\"true\\"></span>leading icon
  <!--v-if-->
</button>"
`;
